 gcc -g p2original.c
 ./a.out
Enter the numerator and denominator :-2
4
Enter the numerator and denominator :-5
6
Enter the numerator and denominator :-6
4
The smallest fraction among 2/4,5/6,6/4 is 5/6 
 gdb a.out
GNU gdb (Ubuntu 8.1.1-0ubuntu1) 8.1.1
Copyright (C) 2018 Free Software Foundation, Inc.
License GPLv3+: GNU GPL version 3 or later <http://gnu.org/licenses/gpl.html>
This is free software: you are free to change and redistribute it.
There is NO WARRANTY, to the extent permitted by law.  Type "show copying"
and "show warranty" for details.
This GDB was configured as "x86_64-linux-gnu".
Type "show configuration" for configuration details.
For bug reporting instructions, please see:
<http://www.gnu.org/software/gdb/bugs/>.
Find the GDB manual and other documentation resources online at:
<http://www.gnu.org/software/gdb/documentation/>.
For help, type "help".
Type "apropos word" to search for commands related to "word"...
Reading symbols from a.out...done.
(gdb) b main
Breakpoint 1 at 0x846: file p2original.c, line 30.
(gdb) r
Starting program: /home/runner/Test3Session1/a.out 
warning: Error disabling address space randomization: Operation not permitted

Breakpoint 1, main () at p2original.c:30
30    f1=input_fraction();
(gdb) n
Enter the numerator and denominator :-n
31    f2=input_fraction();
(gdb) nn
Undefined command: "nn".  Try "help".
(gdb) n
32    f3=input_fraction();
(gdb) n
33    small=Smallest_fraction(f1,f2,f3);
(gdb) n

Program received signal SIGFPE, Arithmetic exception.
0x0000558c62400793 in Smallest_fraction (f1=..., f2=..., f3=...)
    at p2original.c:16
16    if(f1.num/f1.den<f2.num/f2.den && f1.num/f1.den<f3.num/f3.den)
