 gcc -g p3original.c
 ./a.out
enter the values of n and r
5
7
the value of 5.c.7  is 0 
 gdb
GNU gdb (Ubuntu 8.1.1-0ubuntu1) 8.1.1
Copyright (C) 2018 Free Software Foundation, Inc.
License GPLv3+: GNU GPL version 3 or later <http://gnu.org/licenses/gpl.html>
 gcc -g p3original.c
 ./a.out
enter the values of n and r
53
2
the value of 53.c.2  is 16 
 gdb a.out
GNU gdb (Ubuntu 8.1.1-0ubuntu1) 8.1.1
Copyright (C) 2018 Free Software Foundation, Inc.
License GPLv3+: GNU GPL version 3 or later <http://gnu.org/licenses/gpl.html>
This is free software: you are free to change and redistribute it.
There is NO WARRANTY, to the extent permitted by law.  Type "show copying"
and "show warranty" for details.
This GDB was configured as "x86_64-linux-gnu".
Type "show configuration" for configuration details.
For bug reporting instructions, please see:
<http://www.gnu.org/software/gdb/bugs/>.
Find the GDB manual and other documentation resources online at:
<http://www.gnu.org/software/gdb/documentation/>.
For help, type "help".
Type "apropos word" to search for commands related to "word"...
Reading symbols from a.out...done.
(gdb) n
The program is not being run.
(gdb) b main
Breakpoint 1 at 0x893: file p3original.c, line 31.
(gdb) r
Starting program: /home/runner/Test3Session1/a.out 
warning: Error disabling address space randomization: Operation not permitted

Breakpoint 1, main () at p3original.c:31
31  {
(gdb) n
34    input_n_and_r(&n,&r);
(gdb) s
input_n_and_r (n=0x7ffce488c338, r=0x7ffce488c33c)
    at p3original.c:4
4     printf("enter the values of n and r\n");
(gdb) n
enter the values of n and r
5     scanf("%d%d",n,r);
(gdb) n

s
6   }
(gdb) n
main () at p3original.c:35
35    c=ncr(n,r);
(gdb) n

Program received signal SIGFPE, Arithmetic exception.
0x00005612a980084e in ncr (n=-1451227552, r=22034)
    at p3original.c:23
23    d=a/(c*b)
